shiraishikoudai@shiraishisubarudainoMacBook-Air git_test % mkdir git_challenge
shiraishikoudai@shiraishisubarudainoMacBook-Air git_test % ls -l
total 0
drwxr-xr-x  2 shiraishikoudai  staff   64  5 17 20:28 git_challenge
drwxr-xr-x  5 shiraishikoudai  staff  160  5 17 20:13 git_challenge_bk
shiraishikoudai@shiraishisubarudainoMacBook-Air git_test % cd git_challenge
shiraishikoudai@shiraishisubarudainoMacBook-Air git_challenge % git init
Initialized empty Git repository in /Users/shiraishikoudai/git_test/git_challenge/.git/
shiraishikoudai@shiraishisubarudainoMacBook-Air git_challenge % touch hello_world.txt
shiraishikoudai@shiraishisubarudainoMacBook-Air git_challenge % ls -l
total 0
-rw-r--r--  1 shiraishikoudai  staff  0  5 17 20:30 hello_world.txt
shiraishikoudai@shiraishisubarudainoMacBook-Air git_challenge % git add hello_world.txt
shiraishikoudai@shiraishisubarudainoMacBook-Air git_challenge % git commit -m"こんにちは"
[main (root-commit) d54d92d] こんにちは
 1 file changed, 1 insertion(+)
 create mode 100644 hello_world.txt
shiraishikoudai@shiraishisubarudainoMacBook-Air git_challenge % git add hello_world.txt
shiraishikoudai@shiraishisubarudainoMacBook-Air git_challenge % git commit -m"こんばんは"
[main 51bdcf3] こんばんは
 1 file changed, 2 insertions(+), 1 deletion(-)
shiraishikoudai@shiraishisubarudainoMacBook-Air git_challenge % git log
commit 51bdcf3a2b6eb32d1d3e8d69193ebbdc0f1e1a9c (HEAD -> main)
Author: shirakou <programshira@gmail.com>
Date:   Fri May 17 20:37:24 2024 +0900

    こんばんは

commit d54d92d79de6ee86381b63f9b4cd26fa9b0795d4
Author: shirakou <programshira@gmail.com>
Date:   Fri May 17 20:35:55 2024 +0900

    こんにちは
shiraishikoudai@shiraishisubarudainoMacBook-Air git_challenge % 
  [復元日時2024/05/17 20:39:56]
Last login: Fri May 17 20:01:16 on ttys000
/Users/shiraishikoudai/.zsh_sessions/3B3A3F17-19C7-4D3B-BAE0-9185EDDC39C1.session:2: command not found: Saving
shiraishikoudai@shiraishisubarudainoMacBook-Air git_challenge % 
